eeschema (2012-11-15 BZR 3804)-stable  >> Creation date: Wed 13 Feb 2013 11:26:37 CST

#Cmp ( order = Reference )
| B1         CR_2032     ; HOLDER BATT CR2032; 0.23        ; Y           ; Mouser 712-BAT-HLD-001; Digikey BAT-HLD-001-ND
| C1         22 pF       ; CAP CER SMD 0402 22 5 NPO; .04         ; Y           ; Mouser 581-04023U220JAT2A
| C2         22 pF       ; CAP CER SMD 0402 22 5 NPO; .04         ; Y           ; Mouser 581-04023U220JAT2A
| C3         12 pF       ; CAP CER SMD 0603 12 5 NPO; .0103       ; Y           ; Mouser 81-GRM39C120J50; Digikey  490-1405-1-ND
| C4         12 pF       ; CAP CER SMD 0603 12 5 NPO; .0103       ; Y           ; Mouser 81-GRM39C120J50; Digikey  490-1405-1-ND
| C5         12 pF       ; CAP CER SMD 0603 12 5 NPO; .0103       ; Y           ; Mouser 81-GRM39C120J50; Digikey 490-1405-1-ND
| C6         12 pF       ; CAP CER SMD 0603 12 5 NPO; .0103       ; Y           ; Mouser 81-GRM39C120J50; Digikey 490-1405-1-ND
| C8         .01 uF      ; CAP CER SMD .01 10 X7R 16V; .015        ; Y           ; Mouser 81-GRM18R71C103KA01D; Digikey 490-1525-1-ND
| C9         4.7 uF      ; CAP CER SMD 4.7uF 10% X7R 25V; .11         ; Y           ; Mouser 81-GRM31CR71E475KA88; Digikey 490-1809-1-ND
| C10        4.7 uF      ; CAP CER SMD 4.7uF 10% X7R 25V; .11         ; Y           ; Mouser 81-GRM31CR71E475KA88 ; Digikey 490-1809-1-ND
| C11        22 pF       ; CAR CER SMD 0402 22 5 NPO; .04         ; Y           ; Mouser 581-04023U220JAT2A
| C12        4.7 uF      ; CAP CER SMD 4.7uF 10% X7R 25V; .11         ; Y           ; Mouser 81-GRM31CR71E475KA88 ; Digikey 490-1809-1-ND
| C13        4.7 uF      ; CAP CER SMD 4.7u 10% X7R 25V; .11         ; DO NOT PLACE; Mouser 81-GRM31CR71E475KA88; Digikey 490-1809-1-ND
| C14        .01 uF      ; CAP CER SMD .01 10 X7R 16V; .015        ; DO NOT PLACE; Mouser 81-GRM18R71C103KA01D; Digikey 490-1525-1-ND
| C15        10 uF       ; CAP LYTIC SMD 10uF 20% 16V; .10         ; DO NOT PLACE; Mouser 647-UWF1C100MCL1GB
| D1         RED         ; DIODE LED RED 1206; .05         ; Y           ; Mouser 604-APTL3216SURCK; Digi 754-1165-1-ND
| D2         RED         ; DIODE LED RED 1206; .05         ; Y           ; Mouser 604-APTL3216SURCK; Digi 754-1165-1-ND
| D3         RED         ; DIODE LED RED 1206; .05         ; Y           ; Mouser 604-APTL3216SURCK; Digi 754-1165-1-ND
| D4         RED         ; DIODE LED RED 1206; .05         ; Y           ; Mouser 604-APTL3216SURCK; Digi 754-1165-1-ND
| D5         RED         ; DIODE LED RED 1206; .05         ; Y           ; Mouser 604-APTL3216SURCK; Digi 754-1165-1-ND
| D6         RED         ; DIODE LED RED 1206; .05         ; Y           ; Mouser 604-APTL3216SURCK; Digi 754-1165-1-ND
| D7         RED         ; DIODE LED RED 1206; .05         ; Y           ; Mouser 604-APTL3216SURCK; Digi 754-1165-1-ND
| D8         RED         ; DIODE LED RED 1206; .05         ; Y           ; Mouser 604-APTL3216SURCK; Digi 754-1165-1-ND
| D9         RED         ; DIODE LED RED 1206; .05         ; Y           ; Mouser 604-APTL3216SURCK; Digi 754-1165-1-ND
| D10        RED         ; DIODE LED RED 1206; .05         ; Y           ; Mouser 604-APTL3216SURCK; Digi 754-1165-1-ND
| D11        RED         ; DIODE LED RED 1206; .05         ; Y           ; Mouser 604-APTL3216SURCK; Digi 754-1165-1-ND
| D12        RED         ; DIODE LED RED 1206; .05         ; Y           ; Mouser 604-APTL3216SURCK; Digi 754-1165-1-ND
| D13        RED         ; DIODE LED RED 1206; .05         ; Y           ; Mouser 604-APTL3216SURCK; Digi 754-1165-1-ND
| D14        RED         ; DIODE LED RED 1206; .05         ; Y           ; Mouser 604-APTL3216SURCK; Digi 754-1165-1-ND
| D15        RED         ; DIODE LED RED 1206; .05         ; Y           ; Mouser 604-APTL3216SURCK; Digi 754-1165-1-ND
| D16        RED         ; DIODE LED RED 1206; .05         ; Y           ; Mouser 604-APTL3216SURCK; Digi 754-1165-1-ND
| D17        RED         ; DIODE LED RED 1206; .05         ; Y           ; Mouser 604-APTL3216SURCK; Digi 754-1165-1-ND
| D18        RED         ; DIODE LED RED 1206; .05         ; Y           ; Mouser 604-APTL3216SURCK; Digi 754-1165-1-ND
| D19        RED         ; DIODE LED RED 1206; .05         ; Y           ; Mouser 604-APTL3216SURCK; Digi 754-1165-1-ND
| D20        RED         ; DIODE LED RED 1206; .05         ; Y           ; Mouser 604-APTL3216SURCK; Digi 754-1165-1-ND
| D21        RED         ; DIODE LED RED 1206; .05         ; Y           ; Mouser 604-APTL3216SURCK; Digi 754-1165-1-ND
| D22        RED         ; DIODE LED RED 1206; .05         ; Y           ; Mouser 604-APTL3216SURCK; Digi 754-1165-1-ND
| D23        RED         ; DIODE LED RED 1206; .05         ; Y           ; Mouser 604-APTL3216SURCK; Digi 754-1165-1-ND
| D24        RED         ; DIODE LED RED 1206; .05         ; Y           ; Mouser 604-APTL3216SURCK; Digi 754-1165-1-ND
| D25        RED         ; DIODE LED RED 1206; .05         ; Y           ; Mouser 604-APTL3216SURCK; Digi 754-1165-1-ND
| D26        RED         ; DIODE LED RED 1206; .05         ; Y           ; Mouser 604-APTL3216SURCK; Digi 754-1165-1-ND
| D27        RED         ; DIODE LED RED 1206; .05         ; Y           ; Mouser 604-APTL3216SURCK; Digi 754-1165-1-ND
| D28        RED         ; DIODE LED RED 1206; .05         ; Y           ; Mouser 604-APTL3216SURCK; Digi 754-1165-1-ND
| D29        RED         ; DIODE LED RED 1206; .05         ; Y           ; Mouser 604-APTL3216SURCK; Digi 754-1165-1-ND
| D30        RED         ; DIODE LED RED 1206; .05         ; Y           ; Mouser 604-APTL3216SURCK; Digi 754-1165-1-ND
| D31        RED         ; DIODE LED RED 1206; .05         ; Y           ; Mouser 604-APTL3216SURCK; Digi 754-1165-1-ND
| D32        RED         ; DIODE LED RED 1206; .05         ; Y           ; Mouser 604-APTL3216SURCK; Digi 754-1165-1-ND
| D33        RED         ; DIODE LED RED 1206; .05         ; Y           ; Mouser 604-APTL3216SURCK; Digi 754-1165-1-ND
| D34        RED         ; DIODE LED RED 1206; .05         ; Y           ; Mouser 604-APTL3216SURCK; Digi 754-1165-1-ND
| D35        RED         ; DIODE LED RED 1206; .05         ; Y           ; Mouser 604-APTL3216SURCK; Digi 754-1165-1-ND
| D36        RED         ; DIODE LED RED 1206; .05         ; Y           ; Mouser 604-APTL3216SURCK; Digi 754-1165-1-ND
| D37        RED         ; DIODE LED RED 1206; .05         ; Y           ; Mouser 604-APTL3216SURCK; Digi 754-1165-1-ND
| D38        RED         ; DIODE LED RED 1206; .05         ; Y           ; Mouser 604-APTL3216SURCK; Digi 754-1165-1-ND
| D39        RED         ; DIODE LED RED 1206; .05         ; Y           ; Mouser 604-APTL3216SURCK; Digi 754-1165-1-ND
| D40        RED         ; DIODE LED RED 1206; .05         ; Y           ; Mouser 604-APTL3216SURCK; Digi 754-1165-1-ND
| D41        RxD         ; DIODE LED RED 1206; .05         ; DO NOT PLACE; Mouser 604-APTL3216SURCK; Digi 754-1165-1-ND
| D42        TxD         ; DIODE LED RED 1206; .05         ; DO NOT PLACE; Mouser 604-APTL3216SURCK; Digi 754-1165-1-ND
| D43        SCK         ; DIODE LED RED 1206; .05         ; DO NOT PLACE; Mouser 604-APTL3216SURCK; Digi 754-1165-1-ND
| D44        ExT_PwR     ; DIODE LED RED 1206; .05         ; DO NOT PLACE; Mouser 604-APTL3216SURCK; Digi 754-1165-1-ND
| D45        S01575      ; DIODE SIG SMD 75V 1206; .04         ; Y           ; Mouser 652-CD1206-S01575; Digi CD1206-S01575CT-ND
| F1         .5 A        ; FUSE POLY .5A 15V; .21         ; DO NOT PLACE; Mouser 576-1206L050/15YR; Digikey F3733CT-ND
| J1         POWER       ; 06-WAY SIL VERT SOCKET; .48         ; DO NOT PLACE; Mouser 855-M20-7820646; DigiKey 952-1809-ND
| J2         ANALOG      ; 06-WAY SIL VERT SOCKET; .48         ; DO NOT PLACE; Mouser 855-M20-7820646; DigiKey 952-1809-ND
| J3         DIGITAL_0   ; SOCKET STRP .1 1X8; .55         ; DO NOT PLACE; Mouser 855-M20-7820842; Digikey 952-1823-ND
| J4         DIGITAL_1   ; SOCKET STRP .1 1X8; .55         ; DO NOT PLACE; Mouser 855-M20-7820842; Digikey 952-1823-ND
| P1         USB_2_MALE  ; CONN USB PCB M; DO NOT PLACE
| P2         AVR-ISP-6A  ; CONN SPI AVR; .48         ; DO NOT PLACE; Mouser 649-75869-131LF; Digikey 609-2845-ND
| R1         120         ; RES CER SMD 0603 120 5 1/10; .0026       ; Y           ; Mouser 667-ERJ-3GEYJ121V; DigiKey P120GCT-ND
| R2         120         ; RES CER SMD 0603 120 5 1/10; .0026       ; Y           ; Mouser 667-ERJ-3GEYJ121V; DigiKey P120GCT-ND
| R3         120         ; RES CER SMD 0603 120 5 1/10; .0026       ; Y           ; Mouser 667-ERJ-3GEYJ121V; DigiKey P120GCT-ND
| R4         120         ; RES CER SMD 0603 120 5 1/10; .0026       ; Y           ; Mouser 667-ERJ-3GEYJ121V; DigiKey P120GCT-ND
| R5         120         ; RES CER SMD 0603 120 5 1/10; .0026       ; Y           ; Mouser 667-ERJ-3GEYJ121V; DigiKey P120GCT-ND
| R6         10K         ; RES CER SMD 0603 10K 5 1/10; .0026       ; Y           ; Mouser 667-ERJ-3GEYJ103V; Digikey P10KGCT-ND
| R7         1K          ; RES CER SMD 0603 1K 5 1/10; .0026       ; DO NOT PLACE; Mouser 667-ERJ-3GEYJ102V; DigiKey P1.0KGCT-ND
| R8         1K          ; RES CER SMD 0603 1K 5 1/10; .0026       ; DO NOT PLACE; Mouser 667-ERJ-3GEYJ102V; DigiKey P1.0KGCT-ND
| R9         1K          ; RES CER SMD 0603 1K 5 1/10; .0026       ; DO NOT PLACE; Mouser 667-ERJ-3GEYJ102V; DigiKey P1.0KGCT-ND
| R10        120         ; RES CER SMD 0603 120 5 1/10; .0026       ; Y           ; Mouser 667-ERJ-3GEYJ121V; DigiKey P120GCT-ND
| R11        120         ; RES CER SMD 0603 120 5 1/10; .0026       ; DO NOT PLACE; Mouser 667-ERJ-3GEYJ121V; DigiKey P120GCT-ND
| R12        0           ; RES CER SMD 0603 0; .0026       ; Y           ; Mouser 667-ERJ-3GEY0R00V ; Digikey P0.0GCT-ND
| R13        10K         ; RES CER SMD 0603 10K 5 1/10; .0026       ; Y           ; Mouser 667-ERJ-3GEYJ103V; Digikey P10KGCT-ND
| R14        0           ; RES CER SMD 0603 0; .0026       ; Y           ; Mouser 667-ERJ-3GEY0R00V; Digikey P0.0GCT-ND
| R15        0           ; RES CER SMD 0603 0; .0026       ; DO NOT PLACE; Mouser 667-ERJ-3GEY0R00V; Digikey P0.0GCT-ND
| R16        1K          ; RES CER SMD 0603 1K 5 1/10; .0026       ; DO NOT PLACE; Mouser 667-ERJ-3GEYJ102V; DigiKey P1.0KGCT-ND
| R17        5V          ; VRSTR ESD 0603 LO-CAP; .09         ; DO NOT PLACE; Mouser 652-CG0603MLC-05E; Digi CG0603MLC-05ECT-ND
| R18        5V          ; VRSTR ESD 0603 LO-CAP; .09         ; DO NOT PLACE; Mouser 652-CG0603MLC-05E; Digi CG0603MLC-05ECT-ND
| R19        1K          ; RES CER SMD 0603 1K 5 1/10; .0026       ; DO NOT PLACE; Mouser 667-ERJ-3GEYJ102V; DigiKey P1.0KGCT-ND
| R20        1K          ; RES CER SMD 0603 1K 5 1/10; .0026       ; DO NOT PLACE; Mouser 667-ERJ-3GEYJ102V; DigiKey P1.0KGCT-ND
| R21        0           ; RES CER SMD 0603 0; .0026       ; DO NOT PLACE; Mouser 667-ERJ-3GEY0R00V ; Digikey P0.0GCT-ND
| S1         RESET       ; SW PB SMD N.O.; .25         ; Y           ; Mouser 667-EVQQ2P02W; Digikey P12943SCT-ND
| S2         PF1         ; SW PB SMD N.O.; .25         ; DO NOT PLACE; Mouser 667-EVQQ2P02W; Digikey P12943SCT-ND
| S3         PF2         ; SW PB SMD N.O.; .25         ; DO NOT PLACE; Mouser 667-EVQQ2P02W; Digikey P12943SCT-ND
| TP1        USB_D-      ; TEST POINT  ; DO NOT PLACE
| TP2        USB_D+      ; TEST POINT  ; DO NOT PLACE
| TP3        SER_RXD     ; TEST POINT  ; DO NOT PLACE
| TP4        SER_TXD     ; TEST POINT  ; DO NOT PLACE
| U1         ATMEGA128RFA1; IC MICROCONT RF 2450; 5.28        ; Y           ; Mouser 556-ATMEGA128RFA1-ZU; Digi ATMEGA128RFA1-ZU-ND
| U2         LP2985-33   ; IC REG 3.3V LDO SOT5; .36         ; DO  NOT PLACE; Mouser 595-LP2985-33DBVR; Digi 296-18476-1-ND
| Y1         16.000 MHz  ; XTAL 16 MHZ ; .50         ; Y           ; Mouser 815-ABMM-16-B2-T; DigiKey 535-9155-1-ND
| Y2         32.768 KHz  ; XTAL RTC 32768; .80         ; Y           ; Mouser 520-ECS327-12.5-17X-TR; DigiKey XC1195CT-ND
| Z3         ANTENNA     ; DIPOLE_FOLDED; DO NOT PLACE
#End Cmp

#Cmp ( order = Value )
| CR_2032      B1        ; HOLDER BATT CR2032; 0.23        ; Y           ; Mouser 712-BAT-HLD-001; Digikey BAT-HLD-001-ND
| 4.7 uF       C9        ; CAP CER SMD 4.7uF 10% X7R 25V; .11         ; Y           ; Mouser 81-GRM31CR71E475KA88; Digikey 490-1809-1-ND
| 4.7 uF       C10       ; CAP CER SMD 4.7uF 10% X7R 25V; .11         ; Y           ; Mouser 81-GRM31CR71E475KA88 ; Digikey 490-1809-1-ND
| 4.7 uF       C12       ; CAP CER SMD 4.7uF 10% X7R 25V; .11         ; Y           ; Mouser 81-GRM31CR71E475KA88 ; Digikey 490-1809-1-ND
| 4.7 uF       C13       ; CAP CER SMD 4.7u 10% X7R 25V; .11         ; DO NOT PLACE; Mouser 81-GRM31CR71E475KA88; Digikey 490-1809-1-ND
| 10 uF        C15       ; CAP LYTIC SMD 10uF 20% 16V; .10         ; DO NOT PLACE; Mouser 647-UWF1C100MCL1GB
| 22 pF        C1        ; CAP CER SMD 0402 22 5 NPO; .04         ; Y           ; Mouser 581-04023U220JAT2A
| 22 pF        C2        ; CAP CER SMD 0402 22 5 NPO; .04         ; Y           ; Mouser 581-04023U220JAT2A
| 22 pF        C11       ; CAR CER SMD 0402 22 5 NPO; .04         ; Y           ; Mouser 581-04023U220JAT2A
| 12 pF        C3        ; CAP CER SMD 0603 12 5 NPO; .0103       ; Y           ; Mouser 81-GRM39C120J50; Digikey  490-1405-1-ND
| 12 pF        C4        ; CAP CER SMD 0603 12 5 NPO; .0103       ; Y           ; Mouser 81-GRM39C120J50; Digikey  490-1405-1-ND
| 12 pF        C5        ; CAP CER SMD 0603 12 5 NPO; .0103       ; Y           ; Mouser 81-GRM39C120J50; Digikey 490-1405-1-ND
| 12 pF        C6        ; CAP CER SMD 0603 12 5 NPO; .0103       ; Y           ; Mouser 81-GRM39C120J50; Digikey 490-1405-1-ND
| .01 uF       C8        ; CAP CER SMD .01 10 X7R 16V; .015        ; Y           ; Mouser 81-GRM18R71C103KA01D; Digikey 490-1525-1-ND
| .01 uF       C14       ; CAP CER SMD .01 10 X7R 16V; .015        ; DO NOT PLACE; Mouser 81-GRM18R71C103KA01D; Digikey 490-1525-1-ND
| RED          D1        ; DIODE LED RED 1206; .05         ; Y           ; Mouser 604-APTL3216SURCK; Digi 754-1165-1-ND
| RED          D2        ; DIODE LED RED 1206; .05         ; Y           ; Mouser 604-APTL3216SURCK; Digi 754-1165-1-ND
| RED          D3        ; DIODE LED RED 1206; .05         ; Y           ; Mouser 604-APTL3216SURCK; Digi 754-1165-1-ND
| RED          D4        ; DIODE LED RED 1206; .05         ; Y           ; Mouser 604-APTL3216SURCK; Digi 754-1165-1-ND
| RED          D5        ; DIODE LED RED 1206; .05         ; Y           ; Mouser 604-APTL3216SURCK; Digi 754-1165-1-ND
| RED          D6        ; DIODE LED RED 1206; .05         ; Y           ; Mouser 604-APTL3216SURCK; Digi 754-1165-1-ND
| RED          D7        ; DIODE LED RED 1206; .05         ; Y           ; Mouser 604-APTL3216SURCK; Digi 754-1165-1-ND
| RED          D8        ; DIODE LED RED 1206; .05         ; Y           ; Mouser 604-APTL3216SURCK; Digi 754-1165-1-ND
| RED          D9        ; DIODE LED RED 1206; .05         ; Y           ; Mouser 604-APTL3216SURCK; Digi 754-1165-1-ND
| RED          D10       ; DIODE LED RED 1206; .05         ; Y           ; Mouser 604-APTL3216SURCK; Digi 754-1165-1-ND
| RED          D11       ; DIODE LED RED 1206; .05         ; Y           ; Mouser 604-APTL3216SURCK; Digi 754-1165-1-ND
| RED          D12       ; DIODE LED RED 1206; .05         ; Y           ; Mouser 604-APTL3216SURCK; Digi 754-1165-1-ND
| RED          D13       ; DIODE LED RED 1206; .05         ; Y           ; Mouser 604-APTL3216SURCK; Digi 754-1165-1-ND
| RED          D14       ; DIODE LED RED 1206; .05         ; Y           ; Mouser 604-APTL3216SURCK; Digi 754-1165-1-ND
| RED          D15       ; DIODE LED RED 1206; .05         ; Y           ; Mouser 604-APTL3216SURCK; Digi 754-1165-1-ND
| RED          D16       ; DIODE LED RED 1206; .05         ; Y           ; Mouser 604-APTL3216SURCK; Digi 754-1165-1-ND
| RED          D17       ; DIODE LED RED 1206; .05         ; Y           ; Mouser 604-APTL3216SURCK; Digi 754-1165-1-ND
| RED          D18       ; DIODE LED RED 1206; .05         ; Y           ; Mouser 604-APTL3216SURCK; Digi 754-1165-1-ND
| RED          D19       ; DIODE LED RED 1206; .05         ; Y           ; Mouser 604-APTL3216SURCK; Digi 754-1165-1-ND
| RED          D20       ; DIODE LED RED 1206; .05         ; Y           ; Mouser 604-APTL3216SURCK; Digi 754-1165-1-ND
| RED          D21       ; DIODE LED RED 1206; .05         ; Y           ; Mouser 604-APTL3216SURCK; Digi 754-1165-1-ND
| RED          D22       ; DIODE LED RED 1206; .05         ; Y           ; Mouser 604-APTL3216SURCK; Digi 754-1165-1-ND
| RED          D23       ; DIODE LED RED 1206; .05         ; Y           ; Mouser 604-APTL3216SURCK; Digi 754-1165-1-ND
| RED          D24       ; DIODE LED RED 1206; .05         ; Y           ; Mouser 604-APTL3216SURCK; Digi 754-1165-1-ND
| RED          D25       ; DIODE LED RED 1206; .05         ; Y           ; Mouser 604-APTL3216SURCK; Digi 754-1165-1-ND
| RED          D26       ; DIODE LED RED 1206; .05         ; Y           ; Mouser 604-APTL3216SURCK; Digi 754-1165-1-ND
| RED          D27       ; DIODE LED RED 1206; .05         ; Y           ; Mouser 604-APTL3216SURCK; Digi 754-1165-1-ND
| RED          D28       ; DIODE LED RED 1206; .05         ; Y           ; Mouser 604-APTL3216SURCK; Digi 754-1165-1-ND
| RED          D29       ; DIODE LED RED 1206; .05         ; Y           ; Mouser 604-APTL3216SURCK; Digi 754-1165-1-ND
| RED          D30       ; DIODE LED RED 1206; .05         ; Y           ; Mouser 604-APTL3216SURCK; Digi 754-1165-1-ND
| RED          D31       ; DIODE LED RED 1206; .05         ; Y           ; Mouser 604-APTL3216SURCK; Digi 754-1165-1-ND
| RED          D32       ; DIODE LED RED 1206; .05         ; Y           ; Mouser 604-APTL3216SURCK; Digi 754-1165-1-ND
| RED          D33       ; DIODE LED RED 1206; .05         ; Y           ; Mouser 604-APTL3216SURCK; Digi 754-1165-1-ND
| RED          D34       ; DIODE LED RED 1206; .05         ; Y           ; Mouser 604-APTL3216SURCK; Digi 754-1165-1-ND
| RED          D35       ; DIODE LED RED 1206; .05         ; Y           ; Mouser 604-APTL3216SURCK; Digi 754-1165-1-ND
| RED          D36       ; DIODE LED RED 1206; .05         ; Y           ; Mouser 604-APTL3216SURCK; Digi 754-1165-1-ND
| RED          D37       ; DIODE LED RED 1206; .05         ; Y           ; Mouser 604-APTL3216SURCK; Digi 754-1165-1-ND
| RED          D38       ; DIODE LED RED 1206; .05         ; Y           ; Mouser 604-APTL3216SURCK; Digi 754-1165-1-ND
| RED          D39       ; DIODE LED RED 1206; .05         ; Y           ; Mouser 604-APTL3216SURCK; Digi 754-1165-1-ND
| RED          D40       ; DIODE LED RED 1206; .05         ; Y           ; Mouser 604-APTL3216SURCK; Digi 754-1165-1-ND
| RxD          D41       ; DIODE LED RED 1206; .05         ; DO NOT PLACE; Mouser 604-APTL3216SURCK; Digi 754-1165-1-ND
| TxD          D42       ; DIODE LED RED 1206; .05         ; DO NOT PLACE; Mouser 604-APTL3216SURCK; Digi 754-1165-1-ND
| SCK          D43       ; DIODE LED RED 1206; .05         ; DO NOT PLACE; Mouser 604-APTL3216SURCK; Digi 754-1165-1-ND
| ExT_PwR      D44       ; DIODE LED RED 1206; .05         ; DO NOT PLACE; Mouser 604-APTL3216SURCK; Digi 754-1165-1-ND
| S01575       D45       ; DIODE SIG SMD 75V 1206; .04         ; Y           ; Mouser 652-CD1206-S01575; Digi CD1206-S01575CT-ND
| .5 A         F1        ; FUSE POLY .5A 15V; .21         ; DO NOT PLACE; Mouser 576-1206L050/15YR; Digikey F3733CT-ND
| POWER        J1        ; 06-WAY SIL VERT SOCKET; .48         ; DO NOT PLACE; Mouser 855-M20-7820646; DigiKey 952-1809-ND
| ANALOG       J2        ; 06-WAY SIL VERT SOCKET; .48         ; DO NOT PLACE; Mouser 855-M20-7820646; DigiKey 952-1809-ND
| DIGITAL_0    J3        ; SOCKET STRP .1 1X8; .55         ; DO NOT PLACE; Mouser 855-M20-7820842; Digikey 952-1823-ND
| DIGITAL_1    J4        ; SOCKET STRP .1 1X8; .55         ; DO NOT PLACE; Mouser 855-M20-7820842; Digikey 952-1823-ND
| AVR-ISP-6A   P2        ; CONN SPI AVR; .48         ; DO NOT PLACE; Mouser 649-75869-131LF; Digikey 609-2845-ND
| USB_2_MALE   P1        ; CONN USB PCB M; DO NOT PLACE
| 0            R12       ; RES CER SMD 0603 0; .0026       ; Y           ; Mouser 667-ERJ-3GEY0R00V ; Digikey P0.0GCT-ND
| 0            R14       ; RES CER SMD 0603 0; .0026       ; Y           ; Mouser 667-ERJ-3GEY0R00V; Digikey P0.0GCT-ND
| 0            R15       ; RES CER SMD 0603 0; .0026       ; DO NOT PLACE; Mouser 667-ERJ-3GEY0R00V; Digikey P0.0GCT-ND
| 0            R21       ; RES CER SMD 0603 0; .0026       ; DO NOT PLACE; Mouser 667-ERJ-3GEY0R00V ; Digikey P0.0GCT-ND
| 120          R1        ; RES CER SMD 0603 120 5 1/10; .0026       ; Y           ; Mouser 667-ERJ-3GEYJ121V; DigiKey P120GCT-ND
| 120          R2        ; RES CER SMD 0603 120 5 1/10; .0026       ; Y           ; Mouser 667-ERJ-3GEYJ121V; DigiKey P120GCT-ND
| 120          R3        ; RES CER SMD 0603 120 5 1/10; .0026       ; Y           ; Mouser 667-ERJ-3GEYJ121V; DigiKey P120GCT-ND
| 120          R4        ; RES CER SMD 0603 120 5 1/10; .0026       ; Y           ; Mouser 667-ERJ-3GEYJ121V; DigiKey P120GCT-ND
| 120          R5        ; RES CER SMD 0603 120 5 1/10; .0026       ; Y           ; Mouser 667-ERJ-3GEYJ121V; DigiKey P120GCT-ND
| 120          R10       ; RES CER SMD 0603 120 5 1/10; .0026       ; Y           ; Mouser 667-ERJ-3GEYJ121V; DigiKey P120GCT-ND
| 120          R11       ; RES CER SMD 0603 120 5 1/10; .0026       ; DO NOT PLACE; Mouser 667-ERJ-3GEYJ121V; DigiKey P120GCT-ND
| 1K           R7        ; RES CER SMD 0603 1K 5 1/10; .0026       ; DO NOT PLACE; Mouser 667-ERJ-3GEYJ102V; DigiKey P1.0KGCT-ND
| 1K           R8        ; RES CER SMD 0603 1K 5 1/10; .0026       ; DO NOT PLACE; Mouser 667-ERJ-3GEYJ102V; DigiKey P1.0KGCT-ND
| 1K           R9        ; RES CER SMD 0603 1K 5 1/10; .0026       ; DO NOT PLACE; Mouser 667-ERJ-3GEYJ102V; DigiKey P1.0KGCT-ND
| 1K           R16       ; RES CER SMD 0603 1K 5 1/10; .0026       ; DO NOT PLACE; Mouser 667-ERJ-3GEYJ102V; DigiKey P1.0KGCT-ND
| 1K           R19       ; RES CER SMD 0603 1K 5 1/10; .0026       ; DO NOT PLACE; Mouser 667-ERJ-3GEYJ102V; DigiKey P1.0KGCT-ND
| 1K           R20       ; RES CER SMD 0603 1K 5 1/10; .0026       ; DO NOT PLACE; Mouser 667-ERJ-3GEYJ102V; DigiKey P1.0KGCT-ND
| 10K          R6        ; RES CER SMD 0603 10K 5 1/10; .0026       ; Y           ; Mouser 667-ERJ-3GEYJ103V; Digikey P10KGCT-ND
| 10K          R13       ; RES CER SMD 0603 10K 5 1/10; .0026       ; Y           ; Mouser 667-ERJ-3GEYJ103V; Digikey P10KGCT-ND
| 5V           R17       ; VRSTR ESD 0603 LO-CAP; .09         ; DO NOT PLACE; Mouser 652-CG0603MLC-05E; Digi CG0603MLC-05ECT-ND
| 5V           R18       ; VRSTR ESD 0603 LO-CAP; .09         ; DO NOT PLACE; Mouser 652-CG0603MLC-05E; Digi CG0603MLC-05ECT-ND
| RESET        S1        ; SW PB SMD N.O.; .25         ; Y           ; Mouser 667-EVQQ2P02W; Digikey P12943SCT-ND
| PF1          S2        ; SW PB SMD N.O.; .25         ; DO NOT PLACE; Mouser 667-EVQQ2P02W; Digikey P12943SCT-ND
| PF2          S3        ; SW PB SMD N.O.; .25         ; DO NOT PLACE; Mouser 667-EVQQ2P02W; Digikey P12943SCT-ND
| USB_D-       TP1       ; TEST POINT  ; DO NOT PLACE
| USB_D+       TP2       ; TEST POINT  ; DO NOT PLACE
| SER_RXD      TP3       ; TEST POINT  ; DO NOT PLACE
| SER_TXD      TP4       ; TEST POINT  ; DO NOT PLACE
| ATMEGA128RFA1 U1        ; IC MICROCONT RF 2450; 5.28        ; Y           ; Mouser 556-ATMEGA128RFA1-ZU; Digi ATMEGA128RFA1-ZU-ND
| LP2985-33    U2        ; IC REG 3.3V LDO SOT5; .36         ; DO  NOT PLACE; Mouser 595-LP2985-33DBVR; Digi 296-18476-1-ND
| 16.000 MHz   Y1        ; XTAL 16 MHZ ; .50         ; Y           ; Mouser 815-ABMM-16-B2-T; DigiKey 535-9155-1-ND
| 32.768 KHz   Y2        ; XTAL RTC 32768; .80         ; Y           ; Mouser 520-ECS327-12.5-17X-TR; DigiKey XC1195CT-ND
| ANTENNA      Z3        ; DIPOLE_FOLDED; DO NOT PLACE
#End Cmp

#End List
